#-----------------------------------------------------------
# Vivado v2025.2 (64-bit)
# SW Build 6299465 on Fri Nov 14 19:35:11 GMT 2025
# IP Build 6300035 on Fri Nov 14 10:48:45 MST 2025
# SharedData Build 6298862 on Thu Nov 13 04:50:51 MST 2025
# Start of session at: Thu Sep 24 16:24:14 2026
# Process ID         : 3612
# Current directory  : D:/Trabajos U/Digital II/Lab Digital II/Lab01/lab1/lab1.runs/impl_1
# Command line       : vivado.exe -log alu.vdi -applog -product Vivado -messageDb vivado.pb -mode batch -source alu.tcl -notrace
# Log file           : D:/Trabajos U/Digital II/Lab Digital II/Lab01/lab1/lab1.runs/impl_1/alu.vdi
# Journal file       : D:/Trabajos U/Digital II/Lab Digital II/Lab01/lab1/lab1.runs/impl_1\vivado.jou
# Running On         : AoiZu
# Platform           : Windows Server 2016 or Windows 10
# Operating System   : 26200
# Processor Detail   : 13th Gen Intel(R) Core(TM) i5-13420H
# CPU Frequency      : 2611 MHz
# CPU Physical cores : 8
# CPU Logical cores  : 12
# Host memory        : 16869 MB
# Swap memory        : 10737 MB
# Total Virtual      : 27606 MB
# Available Virtual  : 6997 MB
#-----------------------------------------------------------
source alu.tcl -notrace
